[pixian.ai/indexd12d.html]
[dq2gn5p12glyq.cloudfront.net/p/assets/all_401d0c4aa175d26cc10f92ff86930daa.css]
[cdnjs.cloudflare.com/ajax/libs/Chart.js/4.2.1/chart.umd.js]
[dq2gn5p12glyq.cloudfront.net/p/assets/all_de05da03769edfc50afd9aef8871f3f8.js]
[backblue.gif]
[fade.gif]
[index.html]
[dq2gn5p12glyq.cloudfront.net/p/assets/m/Main.min_d7cea5e91ffa74dee8ce5c8f744dbb32.js]
[dq2gn5p12glyq.cloudfront.net/p/assets/m/favicons/pixian/apple-touch-icon-180_e5c5e123409b599a279b94c9a92e643f.png]
[dq2gn5p12glyq.cloudfront.net/p/assets/m/favicons/pixian/favicon-32_46dab9b5e2e7d199a3e92e0d55dbd817.png]
[pixian.ai/api.html]
[pixian.ai/index.html]
[pixian.ai/pricing.html]
[pixian.ai/support.html]
[pixian.ai/face-stickers.html]
[pixian.ai/comparisons/cwlvjhbtfm9n5cb/share/f686ef08928a909253fa93a99ed3c9d71e883ba398605a220004af0246fbe358.html]
[pixian.ai/comparisons/cwspc5xt49wm45h/share/20429f3d7d114a8c2c920c2a015f78e88c28bda74bdfae6e961ba39d029156d6.html]
[pixian.ai/comparisons/cwd3fzhaxqj79zg/share/a83f0cc93982df196f2071757766acec1fbda2e5d4653d33d6c42150bd74b59b.html]
[pixian.ai/comparisons/cw5en2vas2c2gll/share/9dc05d1f6c00c18e7969a2363fefb8c46c64ee085afad401128f2ed459eeb804.html]
[pixian.ai/comparisons/cwsslt8d78zl7vq/share/5e51cd3d06fd714cdf98ace251cb0bb76ad38dbe62fa1515dca5ede4d3aefa13.html]
[pixian.ai/comparisons.html]
[pixian.ai/api/migrate.html]
[pixian.ai/policies/terms.html]
[pixian.ai/about.html]
[pixian.ai/policies/privacy.html]
[pixian.ai/indexd12d.html]
[dq2gn5p12glyq.cloudfront.net/p/assets/bs/fonts/glyphicons-halflings-regular_f4769f9bdb7466be65088239c12046d1.eot]
[dq2gn5p12glyq.cloudfront.net/p/assets/bs/fonts/glyphicons-halflings-regular_f4769f9bdb7466be65088239c12046d1d41d.eot]
[dq2gn5p12glyq.cloudfront.net/p/assets/bs/fonts/glyphicons-halflings-regular_fa2772327f55d8198301fdb8bcfc8158.woff]
[dq2gn5p12glyq.cloudfront.net/p/assets/bs/fonts/glyphicons-halflings-regular_e18bbf611f2a2e43afc071aa2f4e1512.ttf]
[dq2gn5p12glyq.cloudfront.net/p/assets/bs/fonts/glyphicons-halflings-regular_19b39f36dc8beb12895535e26fd0cfd4.svg]
[dq2gn5p12glyq.cloudfront.net/p/assets/m/drawings/grab-open-tool-icon_7be1658052ab38f168ff87fdfa1f8ec9.ico]
[dq2gn5p12glyq.cloudfront.net/p/assets/m/drawings/grab-closed-tool-icon_120bb6f2a863c4518ac11d0df86e7c4d.ico]
[dq2gn5p12glyq.cloudfront.net/p/assets/images/icon-tutorial-tip_011457d24dfdde770378b515169882b1.svg]
[dq2gn5p12glyq.cloudfront.net/p/assets/all_401d0c4aa175d26cc10f92ff86930daa.css]
[pixian.ai/index.html]
[pixian.ai/api/deltaPng.html]
[pixian.ai/assets/code-prettify/prettify.js]
[pixian.ai/assets/code-prettify/prettify.css]
[pixian.ai/api.html]
[pixian.ai/setCurrency0307]
[pixian.ai/setCurrencyde9d]
[pixian.ai/pricing.html]
[pixian.ai/support.html]
[dq2gn5p12glyq.cloudfront.net/p/assets/images/face-sticker-3-small_2b7e24165035487b4a72072e1817da57.jpg]
[dq2gn5p12glyq.cloudfront.net/p/assets/images/face-sticker-2-small_f31ddb0ae79578c1f16ac2e1aaf45c67.jpg]
[dq2gn5p12glyq.cloudfront.net/p/assets/images/create-tshirt_4609d9f2c1287621938bdbd211eba733.jpg]
[dq2gn5p12glyq.cloudfront.net/p/assets/images/create-mug-2_216c2e58c9ce03cbad9d8c5978d02698.jpg]
[dq2gn5p12glyq.cloudfront.net/p/assets/images/create-hat_891e0e7d8c439d1c80288bd8dc93c904.jpg]
[pixian.ai/face-stickers.html]
[pixian.ai/comparisons/cwlvjhbtfm9n5cb/share/f686ef08928a909253fa93a99ed3c9d71e883ba398605a220004af0246fbe358.html]
[pixian.ai/comparisons/cwspc5xt49wm45h/share/20429f3d7d114a8c2c920c2a015f78e88c28bda74bdfae6e961ba39d029156d6.html]
[pixian.ai/comparisons/cwd3fzhaxqj79zg/share/a83f0cc93982df196f2071757766acec1fbda2e5d4653d33d6c42150bd74b59b.html]
[pixian.ai/comparisons/cw5en2vas2c2gll/share/9dc05d1f6c00c18e7969a2363fefb8c46c64ee085afad401128f2ed459eeb804.html]
[pixian.ai/comparisons/cwsslt8d78zl7vq/share/5e51cd3d06fd714cdf98ace251cb0bb76ad38dbe62fa1515dca5ede4d3aefa13.html]
[pixian.ai/comparisons.html]
[pixian.ai/api/migrate.html]
[pixian.ai/policies/terms.html]
[dq2gn5p12glyq.cloudfront.net/p/assets/images/james_677ed56e2a7d46855c78f3ffddae739f.jpg]
[dq2gn5p12glyq.cloudfront.net/p/assets/images/jacob_829e72774e7404028c4581514edebddd.jpg]
[dq2gn5p12glyq.cloudfront.net/p/assets/images/orna_2520da32f2a38f246f6b5ce550d20487.jpg]
[dq2gn5p12glyq.cloudfront.net/p/assets/images/jonathan_b81d1a8fe68446fc714391e3b43e9a51.jpg]
[pixian.ai/about.html]
[pixian.ai/policies/privacy.html]
[dq2gn5p12glyq.cloudfront.net/p/assets/bs/fonts/glyphicons-halflings-regular_19b39f36dc8beb12895535e26fd0cfd4.svg]
[dq2gn5p12glyq.cloudfront.net/p/assets/images/icon-tutorial-tip_011457d24dfdde770378b515169882b1.svg]
[dq2gn5p12glyq.cloudfront.net/p/assets/images/example-input_33347cf4f205b2986007f60306afb948.jpg]
[dq2gn5p12glyq.cloudfront.net/p/assets/images/example-output_5f3032b12a454539e1afa067be194dc4.png]
[dq2gn5p12glyq.cloudfront.net/p/assets/images/example-output-delta-png_ffc507611622bc1d2c52e4c01aad47e1.png]
[pixian.ai/api/deltaPng.html]
[pixian.ai/assets/code-prettify/prettify.css]
[pixian.ai/setCurrency0307.html]
[pixian.ai/setCurrencyde9d.html]
